siter	sister
frount	front
nock	knocked
iyes	eyes
brakes	breaks
comer	calmer
they	there
affect	effect
crack	back
past	last
beanies	beans
feet	meat
were where
for	fur
as	has
feet	meat
frites	fries
shore	sure
pice	piece
hethy	healthy
dangers	dangerous
happly	happily
falk	fork
spund	spun
a are
peace	piece
thort	thought
billed	build
eave	eve
sneking	sneaking
scem	scream
frmh	farmer
quitely	quietly
factoy	factory
meadoy	meadow
stars	stairs
star	car
still	steal
fed	field
feat	feet
