acheivement	achievement	achievements	acquirement	acharnement
admiting	admitting	admiring	auditing	editing	advising	addicting	limiting	awaiting	vomiting	adapting
amatuer	amateur	matter	mater	mather	mature	master	amateurs	maker	hamster	later
anwser	answer	abuser	anise	anger	angler	antler	bowser	user	ser	cancer
apropriate	appropriate	expropriate	appropriated	appropriates	impropriate	inappropriate	expropriated	propriety	appropriately	procreate
aukward	awkward	backward	upward	award	outward	sunward	ward	hayward	backwards	awkwardly
benificial	beneficial	edificial	beneficially	veneficial	beneficiary	unbeneficial	artificial	unifacial	orificial	beneficiate
beleive	belive	believe	receive	beehive	relive	deceive	belie	live	leave	belief
chruch	crush	crouch	crutch	church	crunch	chuck	thrush	couch	chich	chough
contanct	contact	contract	contacts	content	constant	constancy	conjunct	contango	montant	contains
coud	cod	could	cloud	cold	cord	loud	code	good	god	cut
dessapoint	disappoint	dewpoint	disanoint
greatful	grateful	restful	dreadful	fretful	threatful	freakful	groanful	bretful	regretful	wreakful
incredable	incredible	incredibly	incremable	includable	uncredible	increasable	credible	inscrutable	unreadable	incurable
indefinate	indefinite	indefinites	indefinable	inseminate	indelicate	definite	indefinitely	indesignate	ingeminate	infinite
jeprodise	jeopardise	promise	reproduce	reprise	improvise	terrorise	eprise	bepraise	necrotise	melodise
laguage	language	luggage	languages	baggage	lavage	leakage	gage	plague	league	package
leeiissy	leerily	leeriest
letf	let	leaf	lets	left	ef	et	late	less	lots	self
meenwhal	meanwhile	menial	mental	menthol	mentha	mensual	menthyl	mensal	merithal	methal
nessecary	pessary	sisserary	tesselar
ocassionaly	occasional	occasionally	cessionary	passionary	passional	passionals
peice	peace	price	pence	piece	pace	spice	ice	police	prices	place
playwrite	playwriter	playwright	playwriting	playwrights	playmate	playdate	pyrite	playsuit	pleurite	playtime
recieve	relieve	receive	retrieve	relieved	believe	recipe	revive	relieves	reeve	reliever
rember	member	ember	amber	remember	number	members	premier	rubber	render	lumber
revelent	reverent	prevalent	reverend	referent	revenant	revelers	revetment	repellent	relent	revealing
sieze	size	sieve	siege	seize	sez	sizes	sized	sese	frieze	see
sigth	sixth	sigh	sith	sight	with	south	high	eighth	smith	site
suprise	surprise	sunrise	surprised	surprises	prise	supreme	supervise	suppose	sucrose	reprise
suprised	surprised	surprise	supervised	surprises	supposed	sunrise	surmised	sunrises	apprised	priced
surounded	surrounded	rounded	grounded	unrounded	surmounted	shrouded	sounded	scrounged	founded	bounded
swearinge	swearing	wearing	sweating	smearing	shearing	searing	spearing	syringe	earing	hearing
sylables	syllables	syllable	stables	salable	sables	tables	cables	ables	enables	scalable
therefor	therefore	wherefor	hereford	thereof	wherefore	therefrom	thereon	thereto	thereafter	whereform
tierd	tiered	tied	tiers	tier	tried	tired	third	died	tread	timed
tommorow	tomorrow	tommyrot	commodo	tomorrows	tommyrots	tombolo	tommyto	tombolos	tomfool	tommycod
tounge	lounge	tongue	ounce	young	tonga	younger	tone	lounges	tough	tune
vouture	voiture	couture	future	vulture	venture	voitures	outre	suture	torture	posture
sprinkel	sprinkle	sprinkler	springer	sprinkled	sprinkles	sprinter	spinel	sprinted	prince	printer
